# Load the Marvel data set and search for an existing path.

loaded graph marvel

path from OLD SKULL to PHARAOH RAMA-TUT:
OLD SKULL to HAWK with weight 0.077
HAWK to CAPTAIN AMERICA with weight 0.003
CAPTAIN AMERICA to PHARAOH RAMA-TUT with weight 0.019
total cost: 0.099
