# testListNodes.test file
# This file tests to see if Graph.java contains the correct characters.

# Create four graphs
created graph testGraph1
created graph testGraph2
created graph testGraph3
created graph testGraph4

# Add some edges testing one character doesn't get added twice.
added edge BookA from Spider-Man to Hulk in testGraph1
added edge BookA from Spider-Man to Thor in testGraph1

# Add some edges testing one character doesn't get added twice.
added edge BookB from Daredevil to Deadpool in testGraph2
added edge BookC from Daredevil to Deadpool in testGraph2

# Add some edges multiple connections from different characters.
added edge BookD from Magneto to Hulk in testGraph3
added edge BookD from Thor to Spider-Man in testGraph3
added edge BookD from Daredevil to Thor in testGraph3
added edge BookD from Hulk to Deadpool in testGraph3
The edge BookD from Thor to Spider-Man was unsuccessfully added to testGraph3
added edge BookD from Deadpool to Thor in testGraph3

# Print out the nodes from these three graphs
testGraph1 contains: Hulk Spider-Man Thor
testGraph2 contains: Daredevil Deadpool
testGraph3 contains: Daredevil Deadpool Hulk Magneto Spider-Man Thor
testGraph4 contains:

# Attempt to list nodes on a graph which does not exist.
The graph 'graphDoesNotExist' does not exist.